Subscriptions of userName056
title:title384,genre:genre384
title:title135,genre:genre135
title:title061,genre:genre061

Subscriptions of userName341
title:title353,genre:genre353
title:title051,genre:genre051
title:title061,genre:genre061

