title:title384,genre:genre384
title:title061,genre:genre061

