u1 and u1 are connected
u3 and u11 are not connected
u4 and u3 are connected
