title:v0,genre:
title:v1,genre:
title:v10,genre:
title:v11,genre:
title:v12,genre:
title:v13,genre:
title:v14,genre:
title:v15,genre:
title:v16,genre:
title:v17,genre:
title:v18,genre:
title:v19,genre:
title:v2,genre:
title:v20,genre:
title:v22,genre:
title:v23,genre:
title:v24,genre:
title:v25,genre:
title:v26,genre:
title:v28,genre:
title:v29,genre:
title:v3,genre:
title:v30,genre:
title:v31,genre:
title:v32,genre:
title:v33,genre:
title:v34,genre:
title:v35,genre:
title:v36,genre:
title:v37,genre:
title:v39,genre:
title:v4,genre:
title:v42,genre:
title:v43,genre:
title:v44,genre:
title:v45,genre:
title:v48,genre:
title:v49,genre:
title:v5,genre:
title:v50,genre:
title:v51,genre:
title:v52,genre:
title:v53,genre:
title:v54,genre:
title:v55,genre:
title:v56,genre:
title:v57,genre:
title:v58,genre:
title:v59,genre:
title:v60,genre:
title:v62,genre:
title:v63,genre:
title:v65,genre:
title:v66,genre:
title:v67,genre:
title:v68,genre:
title:v69,genre:
title:v7,genre:
title:v71,genre:
title:v72,genre:
title:v73,genre:
title:v74,genre:
title:v75,genre:
title:v76,genre:
title:v77,genre:
title:v78,genre:
title:v8,genre:
title:v81,genre:
title:v82,genre:
title:v83,genre:
title:v84,genre:
title:v85,genre:
title:v86,genre:
title:v87,genre:
title:v89,genre:
title:v9,genre:
title:v90,genre:
title:v91,genre:
title:v92,genre:
title:v93,genre:
title:v94,genre:
title:v95,genre:
title:v96,genre:
title:v97,genre:
title:v98,genre:
title:v99,genre:

