username:e3333333,name:No Surname,surname:,Status:active
username:e2222222,name:,surname:,Status:active
username:e1111111,name:No Surname,surname:,Status:active
username:e1752476,name:,surname:Semiz,Status:active
username:e1887454,name:Abdullah,surname:Dogan,Status:active

