u0
title:v88,genre:
title:v78,genre:
title:v12,genre:
title:v57,genre:
title:v26,genre:
title:v53,genre:
title:v67,genre:
title:v55,genre:
title:v58,genre:
title:v25,genre:
title:v7,genre:
title:v95,genre:
title:v73,genre:
title:v50,genre:
title:v14,genre:
title:v21,genre:
title:v70,genre:
title:v72,genre:
title:v37,genre:
title:v80,genre:

u1
title:v2,genre:
title:v25,genre:
title:v41,genre:
title:v50,genre:
title:v24,genre:
title:v43,genre:
title:v78,genre:
title:v81,genre:
title:v26,genre:
title:v59,genre:
title:v77,genre:
title:v54,genre:
title:v23,genre:
title:v19,genre:
title:v73,genre:
title:v8,genre:
title:v11,genre:
title:v0,genre:
title:v32,genre:
title:v53,genre:
title:v30,genre:
title:v88,genre:
title:v7,genre:

end
------After Sort-----
u0
title:v12,genre:
title:v14,genre:
title:v21,genre:
title:v25,genre:
title:v26,genre:
title:v37,genre:
title:v50,genre:
title:v53,genre:
title:v55,genre:
title:v57,genre:
title:v58,genre:
title:v67,genre:
title:v7,genre:
title:v70,genre:
title:v72,genre:
title:v73,genre:
title:v78,genre:
title:v80,genre:
title:v88,genre:
title:v95,genre:

u1
title:v0,genre:
title:v11,genre:
title:v19,genre:
title:v2,genre:
title:v23,genre:
title:v24,genre:
title:v25,genre:
title:v26,genre:
title:v30,genre:
title:v32,genre:
title:v41,genre:
title:v43,genre:
title:v50,genre:
title:v53,genre:
title:v54,genre:
title:v59,genre:
title:v7,genre:
title:v73,genre:
title:v77,genre:
title:v78,genre:
title:v8,genre:
title:v81,genre:
title:v88,genre:

end
Common Subscriptions
title:v25,genre:
title:v26,genre:
title:v50,genre:
title:v53,genre:
title:v7,genre:
title:v73,genre:
title:v78,genre:
title:v88,genre:

