username:username7,name:name7,surname:,Status:active
username:username6,name:,surname:,Status:active
username:username5,name:,surname:surname5,Status:active
username:username4,name:name2,surname:surname4,Status:active

