[2:9][1:0][9:1][2:6][4:4][1:9][9:1][0:9][9:7][0:6]
Length:10

After clear(), the length is:0
[0:7][6:8][6:5][8:5][4:9][5:6][0:3][1:8][8:0][2:5]
