Subscriptions of userName392
title:title353,genre:genre353
title:title051,genre:genre051
title:title109,genre:genre109
title:title384,genre:genre384
title:title276,genre:genre276
title:title343,genre:genre343
title:title269,genre:genre269
title:title135,genre:genre135
title:title061,genre:genre061
title:title311,genre:genre311

Subscriptions of userName265
title:title353,genre:genre353
title:title051,genre:genre051
title:title109,genre:genre109
title:title384,genre:genre384

After Sort Operation

Subscriptions of userName392
title:title051,genre:genre051
title:title061,genre:genre061
title:title109,genre:genre109
title:title135,genre:genre135
title:title269,genre:genre269
title:title276,genre:genre276
title:title311,genre:genre311
title:title343,genre:genre343
title:title353,genre:genre353
title:title384,genre:genre384

Subscriptions of userName265
title:title353,genre:genre353
title:title051,genre:genre051
title:title109,genre:genre109
title:title384,genre:genre384

