Friends of userName284
username:userName051,name:name051,surname:surname051,Status:active

Friends of userName051
username:userName284,name:name284,surname:surname284,Status:active

