[Node1:1][Node2:2][Node3:3][Node4:4]
[Node4:4][Node2:2][Node3:3][Node1:1]
