Subscriptions of userName056
title:title384,genre:genre384
title:title061,genre:genre061

