title:title135,genre:genre135
title:title061,genre:genre061

