username:userName284,name:name284,surname:surname284,Status:active
username:userName450,name:name450,surname:surname450,Status:active
username:userName341,name:name341,surname:surname341,Status:active
username:userName056,name:name056,surname:surname056,Status:active
username:userName200,name:name200,surname:surname200,Status:active
username:userName392,name:name392,surname:surname392,Status:active
username:userName163,name:name163,surname:surname163,Status:active
username:userName051,name:name051,surname:surname051,Status:active
username:userName265,name:name265,surname:surname265,Status:active
username:userName127,name:name127,surname:surname127,Status:active

After Delete Operation
username:userName341,name:name341,surname:surname341,Status:active
username:userName056,name:name056,surname:surname056,Status:active
username:userName392,name:name392,surname:surname392,Status:active
username:userName163,name:name163,surname:surname163,Status:active
username:userName127,name:name127,surname:surname127,Status:active

