u4 and u1 are connected
u1 and u7 are not connected
