title:title3,genre:
title:title2,genre:
title:title1,genre:genre1

