[9:1][8:9][7:9][6:1][5:0][4:9][3:9][2:7][1:0][0:6]
[9:1]
[7:9]
