{"ceng435" : {"sec4" : "44"}}
{"ceng351" : {"sec2" : "32"}}
{"ceng453" : {"sec1" : "91"}}
{"ceng477" : {"sec2" : "72"}}
